// Jest Snapshot v1, https://goo.gl/fbAQLP

exports[`Render BreakingBadCharacters Component 1`] = `
<div
  className="container"
>
  <div
    className="category-list"
  >
    <h2>
      Personagens
    </h2>
  </div>
</div>
`;
